../Drivers/STM32H7xx_HAL_Driver/Src/stm32h7xx_hal_pssi.c:246:19:HAL_PSSI_Init	16	static
../Drivers/STM32H7xx_HAL_Driver/Src/stm32h7xx_hal_pssi.c:311:19:HAL_PSSI_DeInit	16	static
../Drivers/STM32H7xx_HAL_Driver/Src/stm32h7xx_hal_pssi.c:355:13:HAL_PSSI_MspInit	16	static
../Drivers/STM32H7xx_HAL_Driver/Src/stm32h7xx_hal_pssi.c:371:13:HAL_PSSI_MspDeInit	16	static
../Drivers/STM32H7xx_HAL_Driver/Src/stm32h7xx_hal_pssi.c:629:19:HAL_PSSI_Transmit	56	static
../Drivers/STM32H7xx_HAL_Driver/Src/stm32h7xx_hal_pssi.c:782:19:HAL_PSSI_Receive	56	static
../Drivers/STM32H7xx_HAL_Driver/Src/stm32h7xx_hal_pssi.c:928:19:HAL_PSSI_Transmit_DMA	32	static
../Drivers/STM32H7xx_HAL_Driver/Src/stm32h7xx_hal_pssi.c:1066:19:HAL_PSSI_Receive_DMA	32	static
../Drivers/STM32H7xx_HAL_Driver/Src/stm32h7xx_hal_pssi.c:1196:19:HAL_PSSI_Abort_DMA	16	static
../Drivers/STM32H7xx_HAL_Driver/Src/stm32h7xx_hal_pssi.c:1285:6:HAL_PSSI_IRQHandler	16	static
../Drivers/STM32H7xx_HAL_Driver/Src/stm32h7xx_hal_pssi.c:1399:13:HAL_PSSI_TxCpltCallback	16	static
../Drivers/STM32H7xx_HAL_Driver/Src/stm32h7xx_hal_pssi.c:1415:13:HAL_PSSI_RxCpltCallback	16	static
../Drivers/STM32H7xx_HAL_Driver/Src/stm32h7xx_hal_pssi.c:1431:13:HAL_PSSI_ErrorCallback	16	static
../Drivers/STM32H7xx_HAL_Driver/Src/stm32h7xx_hal_pssi.c:1447:13:HAL_PSSI_AbortCpltCallback	16	static
../Drivers/STM32H7xx_HAL_Driver/Src/stm32h7xx_hal_pssi.c:1482:23:HAL_PSSI_GetState	16	static
../Drivers/STM32H7xx_HAL_Driver/Src/stm32h7xx_hal_pssi.c:1494:10:HAL_PSSI_GetError	16	static
../Drivers/STM32H7xx_HAL_Driver/Src/stm32h7xx_hal_pssi.c:1517:13:PSSI_Error	16	static
../Drivers/STM32H7xx_HAL_Driver/Src/stm32h7xx_hal_pssi.c:1620:6:PSSI_DMATransmitCplt	24	static
../Drivers/STM32H7xx_HAL_Driver/Src/stm32h7xx_hal_pssi.c:1661:6:PSSI_DMAReceiveCplt	24	static
../Drivers/STM32H7xx_HAL_Driver/Src/stm32h7xx_hal_pssi.c:1703:6:PSSI_DMAAbort	24	static
../Drivers/STM32H7xx_HAL_Driver/Src/stm32h7xx_hal_pssi.c:1746:26:PSSI_WaitOnStatusUntilTimeout	24	static
../Drivers/STM32H7xx_HAL_Driver/Src/stm32h7xx_hal_pssi.c:1770:6:PSSI_DMAError	24	static
